# Check configuration tokens
# Ensure build layout
# Check configuration tokens
# Preparing build
# Check requirements for android
# Search for Git (git)
#  -> found at /usr/local/bin/git
# Search for Cython (cython)
#  -> found at /usr/bin/cython
# Search for Java compiler (javac)
#  -> found at /home/osama/.sdkman/candidates/java/17.0.8-tem/bin/javac
# Search for Java keytool (keytool)
#  -> found at /home/osama/.sdkman/candidates/java/17.0.8-tem/bin/keytool
# Install platform
# Run ['git', 'config', '--get', 'remote.origin.url']
# Cwd /home/osama/my_offload_app/.buildozer/android/platform/python-for-android
https://github.com/kivy/python-for-android.git
# Run ['git', 'branch', '-vv']
# Cwd /home/osama/my_offload_app/.buildozer/android/platform/python-for-android
* master 957a3e5f [origin/master] Merge pull request #2959 from kivy/release-2024.01.21
# Run ['/usr/bin/python3', '-m', 'pip', 'install', '-q', '--user', 'appdirs', 'colorama>=0.3.3', 'jinja2', 'sh>=1.10, <2.0; sys_platform!="win32"', 'build', 'toml', 'packaging', 'setuptools']
# Cwd None
# Apache ANT found at /home/osama/.buildozer/android/platform/apache-ant-1.9.4
# Android SDK found at /home/osama/.buildozer/android/platform/android-sdk
# Recommended android's NDK version by p4a is: 25b
# Android NDK found at /home/osama/.buildozer/android/platform/android-ndk-r25b
# Run ['/usr/bin/python3', '-m', 'pythonforandroid.toolchain', 'aab', '-h', '--color=always', '--storage-dir=/home/osama/my_offload_app/.buildozer/android/platform/build-arm64-v8a_armeabi-v7a', '--ndk-api=23', '--ignore-setup-py', '--debug']
# Cwd /home/osama/my_offload_app/.buildozer/android/platform/python-for-android
usage: toolchain.py aab [-h] [--debug] [--color {always,never,auto}]
                        [--sdk-dir SDK_DIR] [--ndk-dir NDK_DIR]
                        [--android-api ANDROID_API]
                        [--ndk-version NDK_VERSION] [--ndk-api NDK_API]
                        [--symlink-bootstrap-files]
                        [--storage-dir STORAGE_DIR] [--arch ARCH]
                        [--dist-name DIST_NAME] [--requirements REQUIREMENTS]
                        [--recipe-blacklist RECIPE_BLACKLIST]
                        [--blacklist-requirements BLACKLIST_REQUIREMENTS]
                        [--bootstrap BOOTSTRAP] [--hook HOOK] [--force-build]
                        [--no-force-build] [--require-perfect-match]
                        [--no-require-perfect-match] [--allow-replace-dist]
                        [--no-allow-replace-dist]
                        [--local-recipes LOCAL_RECIPES]
                        [--activity-class-name ACTIVITY_CLASS_NAME]
                        [--service-class-name SERVICE_CLASS_NAME]
                        [--java-build-tool {auto,ant,gradle}] [--copy-libs]
                        [--no-copy-libs] [--add-asset ASSETS]
                        [--add-resource RESOURCES] [--private PRIVATE]
                        [--use-setup-py] [--ignore-setup-py] [--release]
                        [--with-debug-symbols] [--keystore KEYSTORE]
                        [--signkey SIGNKEY] [--keystorepw KEYSTOREPW]
                        [--signkeypw SIGNKEYPW]

optional arguments:
  -h, --help            show this help message and exit
  --debug               Display debug output and all build info
  --color {always,never,auto}
                        Enable or disable color output (default enabled on
                        tty)
  --sdk-dir SDK_DIR, --sdk_dir SDK_DIR
                        The filepath where the Android SDK is installed
  --ndk-dir NDK_DIR, --ndk_dir NDK_DIR
                        The filepath where the Android NDK is installed
  --android-api ANDROID_API, --android_api ANDROID_API
                        The Android API level to build against defaults to 33
                        if not specified.
  --ndk-version NDK_VERSION, --ndk_version NDK_VERSION
                        DEPRECATED: the NDK version is now found automatically
                        or not at all.
  --ndk-api NDK_API     The Android API level to compile against. This should
                        be your *minimal supported* API, not normally the same
                        as your --android-api. Defaults to min(ANDROID_API,
                        21) if not specified.
  --symlink-bootstrap-files, --ssymlink_bootstrap_files
                        If True, symlinks the bootstrap files creation. This
                        is useful for development only, it could also cause
                        weird problems.
  --storage-dir STORAGE_DIR
                        Primary storage directory for downloads and builds
                        (default: /home/osama/.local/share/python-for-android)
  --arch ARCH           The archs to build for.
  --dist-name DIST_NAME, --dist_name DIST_NAME
                        The name of the distribution to use or create
  --requirements REQUIREMENTS
                        Dependencies of your app, should be recipe names or
                        Python modules. NOT NECESSARY if you are using Python
                        3 with --use-setup-py
  --recipe-blacklist RECIPE_BLACKLIST
                        Blacklist an internal recipe from use. Allows
                        disabling Python 3 core modules to save size
  --blacklist-requirements BLACKLIST_REQUIREMENTS
                        Blacklist an internal recipe from use. Allows
                        disabling Python 3 core modules to save size
  --bootstrap BOOTSTRAP
                        The bootstrap to build with. Leave unset to choose
                        automatically.
  --hook HOOK           Filename to a module that contains python-for-android
                        hooks
  --local-recipes LOCAL_RECIPES, --local_recipes LOCAL_RECIPES
                        Directory to look for local recipes
  --activity-class-name ACTIVITY_CLASS_NAME
                        The full java class name of the main activity
  --service-class-name SERVICE_CLASS_NAME
                        Full java package name of the PythonService class
  --java-build-tool {auto,ant,gradle}
                        The java build tool to use when packaging the APK,
                        defaults to automatically selecting an appropriate
                        tool.
  --add-asset ASSETS    Put this in the assets folder in the apk.
  --add-resource RESOURCES
                        Put this in the res folder in the apk.
  --private PRIVATE     the directory with the app source code files
                        (containing your main.py entrypoint)
  --use-setup-py        Process the setup.py of a project if present.
                        (Experimental!
  --ignore-setup-py     Don't run the setup.py of a project if present. This
                        may be required if the setup.py is not designed to
                        work inside p4a (e.g. by installing dependencies that
                        won't work or aren't desired on Android
  --release             Build your app as a non-debug release build. (Disables
                        gdb debugging among other things)
  --with-debug-symbols  Will keep debug symbols from `.so` files.
  --keystore KEYSTORE   Keystore for JAR signing key, will use jarsigner
                        default if not specified (release build only)
  --signkey SIGNKEY     Key alias to sign PARSER_APK. with (release build
                        only)
  --keystorepw KEYSTOREPW
                        Password for keystore
  --signkeypw SIGNKEYPW
                        Password for key alias

  Whether to force compilation of a new distribution

  --force-build
  --no-force-build      (this is the default)
  --require-perfect-match
  --no-require-perfect-match
                        (this is the default)
  --allow-replace-dist  (this is the default)
  --no-allow-replace-dist
  --copy-libs
  --no-copy-libs        (this is the default)
# Check application requirements
# Compile platform
# Run ['/usr/bin/python3', '-m', 'pythonforandroid.toolchain', 'create', '--dist_name=offloadapp', '--bootstrap=sdl2', '--requirements=kivy,flask,requests,psutil,zeroconf', '--arch=arm64-v8a', '--arch=armeabi-v7a', '--copy-libs', '--color=always', '--storage-dir=/home/osama/my_offload_app/.buildozer/android/platform/build-arm64-v8a_armeabi-v7a', '--ndk-api=23', '--ignore-setup-py', '--debug']
# Cwd /home/osama/my_offload_app/.buildozer/android/platform/python-for-android

# Command failed: ['/usr/bin/python3', '-m', 'pythonforandroid.toolchain', 'create', '--dist_name=offloadapp', '--bootstrap=sdl2', '--requirements=kivy,flask,requests,psutil,zeroconf', '--arch=arm64-v8a', '--arch=armeabi-v7a', '--copy-libs', '--color=always', '--storage-dir=/home/osama/my_offload_app/.buildozer/android/platform/build-arm64-v8a_armeabi-v7a', '--ndk-api=23', '--ignore-setup-py', '--debug']
# ENVIRONMENT:
#     SHELL = '/bin/bash'
#     SESSION_MANAGER = 'local/slackel.example.net:@/tmp/.ICE-unix/1245,unix/slackel.example.net:/tmp/.ICE-unix/1245'
#     WINDOWID = '12631904'
#     COLORTERM = 'truecolor'
#     XDG_SESSION_PATH = '/org/freedesktop/DisplayManager/Session0'
#     NVM_INC = '/home/osama/.nvm/versions/node/v22.16.0/include/node'
#     PKG_CONFIG_PATH = '/usr/local/lib64/pkgconfig:/usr/local/share/pkgconfig:/usr/lib64/pkgconfig:/usr/share/pkgconfig'
#     GNOME_KEYRING_CONTROL = '/home/osama/.cache/keyring-O9FA82'
#     G_BROKEN_FILENAMES = '1'
#     HOSTNAME = 'slackel.example.net'
#     NUMJOBS = '-j2'
#     MINICOM = '-c on'
#     JAVA_HOME = '/home/osama/.sdkman/candidates/java/current'
#     GRADLE_HOME = '/home/osama/.sdkman/candidates/gradle/current'
#     SDKMAN_CANDIDATES_DIR = '/home/osama/.sdkman/candidates'
#     DESKTOP_SESSION = 'mate'
#     XDG_SEAT = 'seat0'
#     MATE_DESKTOP_SESSION_ID = 'this-is-deprecated'
#     numjobs = '2'
#     PWD = '/home/osama/my_offload_app'
#     LOGNAME = 'osama'
#     XDG_SESSION_DESKTOP = 'mate'
#     XDG_SESSION_TYPE = 'x11'
#     MANPATH = '/home/osama/.nvm/versions/node/v22.16.0/share/man::/usr/lib64/java/jre/man'
#     XAUTHORITY = '/home/osama/.Xauthority'
#     LS_OPTIONS = '-F -b -T 0 --color=auto'
#     XDG_GREETER_DATA_DIR = '/var/lib/lightdm-data/osama'
#     HOME = '/home/osama'
#     LANG = 'en_US.utf8'
#     LS_COLORS = ''
#     XDG_CURRENT_DESKTOP = 'MATE'
#     VTE_VERSION = '7402'
#     XDG_SEAT_PATH = '/org/freedesktop/DisplayManager/Seat0'
#     QCONTROLCENTERTITLE = 'Slackel Dashboard'
#     NVM_DIR = '/home/osama/.nvm'
#     XDG_ACTIVATION_TOKEN = 'mate-panel-1437-slackel.example.net-mate-terminal-5_TIME12332343'
#     XDG_SESSION_CLASS = 'user'
#     ANDROID_HOME = '/home/osama/Android/Sdk'
#     TERM = 'xterm-256color'
#     VAMP_PATH = '/usr/lib64/vamp'
#     G_FILENAME_ENCODING = '@locale'
#     GTK_OVERLAY_SCROLLING = '0'
#     LESSOPEN = '|lesspipe.sh %s'
#     USER = 'osama'
#     T1LIB_CONFIG = '/usr/share/t1lib/t1lib.config'
#     GDK_USE_XFT = '1'
#     SDKMAN_DIR = '/home/osama/.sdkman'
#     DISPLAY = ':0'
#     SHLVL = '1'
#     NVM_CD_FLAGS = ''
#     INPUTRC = '/etc/inputrc'
#     PAGER = 'most'
#     ANDROID_SDK_ROOT = '/home/osama/Android/Sdk'
#     XDG_VTNR = '7'
#     SDKMAN_CANDIDATES_API = 'https://api.sdkman.io/2'
#     XDG_SESSION_ID = '1'
#     XDG_RUNTIME_DIR = '/run/user/1000'
#     PS2 = '> '
#     PS1 = '\\u[\\W]\\$ '
#     QT5DIR = '/usr/lib64/qt5'
#     LC_COLLATE = 'C'
#     XDG_DATA_DIRS = '/home/osama/.local/share/flatpak/exports/share:/var/lib/flatpak/exports/share:/usr/local/share:/usr/share'
#     VDPAU_LOG = '0'
#     PATH = '/home/osama/.buildozer/android/platform/apache-ant-1.9.4/bin:/home/osama/.local/bin:/home/osama/.local/bin:/home/osama/.local/bin:/home/osama/bin:/home/osama/bin:/home/osama/bin:/home/osama/.nvm/versions/node/v22.16.0/bin:/home/osama/.sdkman/candidates/java/current/bin:/home/osama/.sdkman/candidates/gradle/current/bin:/home/osama/dart-sdk/bin:/home/osama/Android/Sdk/emulator:/home/osama/Android/Sdk/tools:/home/osama/Android/Sdk/tools/bin:/home/osama/Android/Sdk/platform-tools:/opt/jdk-24/bin:/home/osama/.local/bin:/usr/local/bin:/usr/bin:/bin:/usr/games:/usr/lib64/java/jre/bin:/usr/lib64/qt5/bin:/usr/local/sbin:/sbin:/usr/sbin:/home/osama/flutter/bin:/home/osama/android-studio/bin:/home/osama/Android/Sdk/cmdline-tools/latest/bin:/home/osama/Android/Sdk/platform-tools:/usr/local/go/bin'
#     GDMSESSION = 'mate'
#     DBUS_SESSION_BUS_ADDRESS = 'unix:path=/tmp/dbus-ylNbhM0RCv,guid=e430998284ed15b13327877168544065'
#     SDKMAN_PLATFORM = 'linuxx64'
#     NVM_BIN = '/home/osama/.nvm/versions/node/v22.16.0/bin'
#     QT_FONT_DPI = '96'
#     QT_SCALE_FACTOR = '1'
#     LADSPA_PATH = '/usr/lib64/ladspa'
#     _ = '/home/osama/.local/bin/buildozer'
#     OLDPWD = '/home/osama'
#     PACKAGES_PATH = '/home/osama/.buildozer/android/packages'
#     ANDROIDSDK = '/home/osama/.buildozer/android/platform/android-sdk'
#     ANDROIDNDK = '/home/osama/.buildozer/android/platform/android-ndk-r25b'
#     ANDROIDAPI = '31'
#     ANDROIDMINAPI = '21'
# 
# Buildozer failed to execute the last command
# The error might be hidden in the log above this error
# Please read the full log, and search for it before
# raising an issue with buildozer itself.
# In case of a bug report, please add a full log with log_level = 2
